<html>
<body>
<pre>
<h1>礦ision Build Log</h1>
<h2>Tool Versions:</h2>
IDE-Version: μVision V5.29.0.0
Copyright (C) 2019 ARM Ltd and ARM Germany GmbH. All rights reserved.
License Information: TD TD, TD, LIC=LSNXV-PT33Q-FWS2N-YCK5P-MS34R-9YYXX
 
Tool Versions:
Toolchain:       MDK-ARM Plus  Version: 5.29.0.0
Toolchain Path:  C:\Keil_v5\ARM\ARMCC\Bin
C Compiler:      Armcc.exe V5.06 update 6 (build 750)
Assembler:       Armasm.exe V5.06 update 6 (build 750)
Linker/Locator:  ArmLink.exe V5.06 update 6 (build 750)
Library Manager: ArmAr.exe V5.06 update 6 (build 750)
Hex Converter:   FromElf.exe V5.06 update 6 (build 750)
CPU DLL:         SARMCM3.DLL V5.29.0.0
Dialog DLL:      DCM.DLL V1.17.3.0
Target DLL:      Segger\JL2CM3.dll V2.99.36.0
Dialog DLL:      TCM.DLL V1.36.5.0
 
<h2>Project:</h2>
C:\Users\Administrator\Desktop\基于STM32的智能家居项目\USER\first.uvprojx
Project File Date:  12/20/2020

<h2>Output:</h2>
*** Using Compiler 'V5.06 update 6 (build 750)', folder: 'C:\Keil_v5\ARM\ARMCC\Bin'
Rebuild target 'first'
assembling startup_stm32f429_439xx.s...
compiling misc.c...
compiling stm32f4xx_gpio.c...
compiling stm32f4xx_usart.c...
compiling stm32f4xx_rcc.c...
compiling systick.c...
compiling system_stm32f4xx.c...
compiling stm32f4xx_it.c...
compiling main.c...
main.c(406): warning:  #111-D: statement is unreachable
  		if(dht_buf[2]>=26)
main.c(425): warning:  #177-D: variable "recv_data"  was declared but never referenced
  	uint8_t recv_data;//保存接收到的数据
main.c(12): warning:  #177-D: variable "uart3_recv_buf"  was declared but never referenced
  static  uint8_t  uart3_recv_buf[128] = {0};  //保存串口3接收到的数据
main.c: 3 warnings, 0 errors
linking...
Program Size: Code=4380 RO-data=460 RW-data=36 ZI-data=1284  
FromELF: creating hex file...
"..\OBJ\first.axf" - 0 Error(s), 3 Warning(s).

<h2>Software Packages used:</h2>

Package Vendor: Keil
                http://www.keil.com/pack/Keil.STM32F4xx_DFP.2.9.0.pack
                Keil.STM32F4xx_DFP.2.9.0
                STMicroelectronics STM32F4 Series Device Support, Drivers and Examples

<h2>Collection of Component include folders:</h2>
  .\RTE\_first
  C:\Users\Administrator\AppData\Local\Arm\Packs\Keil\STM32F4xx_DFP\2.9.0\Drivers\CMSIS\Device\ST\STM32F4xx\Include

<h2>Collection of Component Files used:</h2>
Build Time Elapsed:  00:00:02
</pre>
</body>
</html>
